// Vitest Snapshot v1, https://vitest.dev/guide/snapshot.html

exports[`AlbumsList > matches the snapshot 1`] = `
"<div class="noMediaMessage">
  <div class="content">
    <phvinylrecord size="50"></phvinylrecord>
    <p>No albums found.</p>
  </div>
</div>"
`;

exports[`AlbumsList > when albums prop is not an empty array > matches the snapshot 1`] = `
"<section class="mediaListWrapper" style="--loop-rows: 5;">
  <article>
    <figure class="figure"><a title="Go to album-0">
        <div class="preloadImage"><span class="loader"><span class="visually-hidden">Loading image</span></span><img class="image" src="coverArt" alt="album-0" style="display: none;"></div>
      </a></figure>
    <p class="clamp clamp2"><a title="Go to album album-0">album-0</a></p>
    <ul class="commaList clamp clamp2">
      <li data-test-id="artist-list-item"><a>name</a></li>
      <li data-test-id="artist-list-item"><a>name1</a></li>
    </ul>
  </article>
  <article>
    <figure class="figure"><a title="Go to album-1">
        <div class="preloadImage"><span class="loader"><span class="visually-hidden">Loading image</span></span><img class="image" src="coverArt" alt="album-1" style="display: none;"></div>
      </a></figure>
    <p class="clamp clamp2"><a title="Go to album album-1">album-1</a></p>
    <ul class="commaList clamp clamp2">
      <li data-test-id="artist-list-item"><a>name</a></li>
      <li data-test-id="artist-list-item"><a>name1</a></li>
    </ul>
  </article>
  <article>
    <figure class="figure"><a title="Go to album-2">
        <div class="preloadImage"><span class="loader"><span class="visually-hidden">Loading image</span></span><img class="image" src="coverArt" alt="album-2" style="display: none;"></div>
      </a></figure>
    <p class="clamp clamp2"><a title="Go to album album-2">album-2</a></p>
    <ul class="commaList clamp clamp2">
      <li data-test-id="artist-list-item"><a>name</a></li>
      <li data-test-id="artist-list-item"><a>name1</a></li>
    </ul>
  </article>
  <article>
    <figure class="figure"><a title="Go to album-3">
        <div class="preloadImage"><span class="loader"><span class="visually-hidden">Loading image</span></span><img class="image" src="coverArt" alt="album-3" style="display: none;"></div>
      </a></figure>
    <p class="clamp clamp2"><a title="Go to album album-3">album-3</a></p>
    <ul class="commaList clamp clamp2">
      <li data-test-id="artist-list-item"><a>name</a></li>
      <li data-test-id="artist-list-item"><a>name1</a></li>
    </ul>
  </article>
  <article>
    <figure class="figure"><a title="Go to album-4">
        <div class="preloadImage"><span class="loader"><span class="visually-hidden">Loading image</span></span><img class="image" src="coverArt" alt="album-4" style="display: none;"></div>
      </a></figure>
    <p class="clamp clamp2"><a title="Go to album album-4">album-4</a></p>
    <ul class="commaList clamp clamp2">
      <li data-test-id="artist-list-item"><a>name</a></li>
      <li data-test-id="artist-list-item"><a>name1</a></li>
    </ul>
  </article>
</section>"
`;
