// Vitest Snapshot v1, https://vitest.dev/guide/snapshot.html

exports[`TrackListWithPreview > matches the snapshot 1`] = `
"<div class="noMediaMessage">
  <div class="content">
    <phmusicnotes size="50"></phmusicnotes>
    <p>No tracks found.</p>
  </div>
</div>"
`;

exports[`TrackListWithPreview > when radioStations prop is not an empty array > matches the snapshot 1`] = `
"<div>
  <div class="trackHeader">
    <div class="trackPlay">#</div>
    <div class="trackDetails">
      <p>Track</p>
    </div>
    <div class="trackAlbum">
      <p>Album</p>
    </div>
    <div class="trackArtist">
      <p>Artists</p>
    </div>
    <div class="trackTime">
      <p>Time</p>
    </div>
  </div>
  <ol>
    <li class="trackItem" data-test-id="track">
      <div class="trackPlay">
        <div class="trackImage"><button class="iconButton itemLink playButton itemLink playButton" type="button" title="Play track">
            <phplay class="icon" aria-hidden="true" size="24" weight="duotone"></phplay><span class="text visually-hidden"> Play track </span>
          </button></div>
      </div>
      <div class="trackDetails">
        <p class="clamp name">. track-0</p><button class="iconButton" type="button" title="Like album">
          <phheart class="icon" aria-hidden="true" size="24" weight="duotone"></phheart><span class="text visually-hidden">Like album</span>
        </button>
        <div class="dropdown" data-test-id="dropdown-menu"><button class="iconButton alignRight button button" type="button" title="More">
            <phdotsthreevertical class="icon" aria-hidden="true" size="24" weight="duotone"></phdotsthreevertical><span class="text visually-hidden">More</span>
          </button>
          <transition-stub name="fade" appear="false" persisted="false" css="true">
            <div class="dropdownMenu">
              <ul class="menu">
                <li class="dropdownItem" data-test-id="remove-from-playlist"><button class="iconButton fullWidth action action" type="button" data-test-id="remove-from-playlist">
                    <!--v-if--><span class="text"> Remove from Playlist </span>
                  </button></li>
                <li class="divider" aria-hidden="true"></li>
                <li class="dropdownItem" data-test-id="add-to-queue"><button class="iconButton fullWidth action action" type="button" data-test-id="add-to-queue">
                    <!--v-if--><span class="text"> Add to queue </span>
                  </button></li>
                <li class="dropdownItem" data-test-id="play-track"><button class="iconButton fullWidth action action" type="button" data-test-id="play-track">
                    <!--v-if--><span class="text"> Play Track </span>
                  </button></li>
              </ul>
            </div>
          </transition-stub>
        </div>
      </div>
      <div class="trackAlbum"><a class="clamp">album</a></div>
      <div class="trackArtist">
        <ul class="commaList clamp">
          <li data-test-id="artist-list-item"><a>name</a></li>
          <li data-test-id="artist-list-item"><a>name1</a></li>
        </ul>
      </div><time class="trackTime">00:19</time>
    </li>
    <li class="trackItem" data-test-id="track">
      <div class="trackPlay">
        <div class="trackImage"><button class="iconButton itemLink playButton itemLink playButton" type="button" title="Play track">
            <phplay class="icon" aria-hidden="true" size="24" weight="duotone"></phplay><span class="text visually-hidden"> Play track </span>
          </button></div>
      </div>
      <div class="trackDetails">
        <p class="clamp name">. track-1</p><button class="iconButton" type="button" title="Like album">
          <phheart class="icon" aria-hidden="true" size="24" weight="duotone"></phheart><span class="text visually-hidden">Like album</span>
        </button>
        <div class="dropdown" data-test-id="dropdown-menu"><button class="iconButton alignRight button button" type="button" title="More">
            <phdotsthreevertical class="icon" aria-hidden="true" size="24" weight="duotone"></phdotsthreevertical><span class="text visually-hidden">More</span>
          </button>
          <transition-stub name="fade" appear="false" persisted="false" css="true">
            <!--v-if-->
          </transition-stub>
        </div>
      </div>
      <div class="trackAlbum"><a class="clamp">album</a></div>
      <div class="trackArtist">
        <ul class="commaList clamp">
          <li data-test-id="artist-list-item"><a>name</a></li>
          <li data-test-id="artist-list-item"><a>name1</a></li>
        </ul>
      </div><time class="trackTime">00:19</time>
    </li>
    <li class="trackItem" data-test-id="track">
      <div class="trackPlay">
        <div class="trackImage"><button class="iconButton itemLink playButton itemLink playButton" type="button" title="Play track">
            <phplay class="icon" aria-hidden="true" size="24" weight="duotone"></phplay><span class="text visually-hidden"> Play track </span>
          </button></div>
      </div>
      <div class="trackDetails">
        <p class="clamp name">. track-2</p><button class="iconButton" type="button" title="Like album">
          <phheart class="icon" aria-hidden="true" size="24" weight="duotone"></phheart><span class="text visually-hidden">Like album</span>
        </button>
        <div class="dropdown" data-test-id="dropdown-menu"><button class="iconButton alignRight button button" type="button" title="More">
            <phdotsthreevertical class="icon" aria-hidden="true" size="24" weight="duotone"></phdotsthreevertical><span class="text visually-hidden">More</span>
          </button>
          <transition-stub name="fade" appear="false" persisted="false" css="true">
            <!--v-if-->
          </transition-stub>
        </div>
      </div>
      <div class="trackAlbum"><a class="clamp">album</a></div>
      <div class="trackArtist">
        <ul class="commaList clamp">
          <li data-test-id="artist-list-item"><a>name</a></li>
          <li data-test-id="artist-list-item"><a>name1</a></li>
        </ul>
      </div><time class="trackTime">00:19</time>
    </li>
    <li class="trackItem" data-test-id="track">
      <div class="trackPlay">
        <div class="trackImage"><button class="iconButton itemLink playButton itemLink playButton" type="button" title="Play track">
            <phplay class="icon" aria-hidden="true" size="24" weight="duotone"></phplay><span class="text visually-hidden"> Play track </span>
          </button></div>
      </div>
      <div class="trackDetails">
        <p class="clamp name">. track-3</p><button class="iconButton" type="button" title="Like album">
          <phheart class="icon" aria-hidden="true" size="24" weight="duotone"></phheart><span class="text visually-hidden">Like album</span>
        </button>
        <div class="dropdown" data-test-id="dropdown-menu"><button class="iconButton alignRight button button" type="button" title="More">
            <phdotsthreevertical class="icon" aria-hidden="true" size="24" weight="duotone"></phdotsthreevertical><span class="text visually-hidden">More</span>
          </button>
          <transition-stub name="fade" appear="false" persisted="false" css="true">
            <!--v-if-->
          </transition-stub>
        </div>
      </div>
      <div class="trackAlbum"><a class="clamp">album</a></div>
      <div class="trackArtist">
        <ul class="commaList clamp">
          <li data-test-id="artist-list-item"><a>name</a></li>
          <li data-test-id="artist-list-item"><a>name1</a></li>
        </ul>
      </div><time class="trackTime">00:19</time>
    </li>
    <li class="trackItem" data-test-id="track">
      <div class="trackPlay">
        <div class="trackImage"><button class="iconButton itemLink playButton itemLink playButton" type="button" title="Play track">
            <phplay class="icon" aria-hidden="true" size="24" weight="duotone"></phplay><span class="text visually-hidden"> Play track </span>
          </button></div>
      </div>
      <div class="trackDetails">
        <p class="clamp name">. track-4</p><button class="iconButton" type="button" title="Like album">
          <phheart class="icon" aria-hidden="true" size="24" weight="duotone"></phheart><span class="text visually-hidden">Like album</span>
        </button>
        <div class="dropdown" data-test-id="dropdown-menu"><button class="iconButton alignRight button button" type="button" title="More">
            <phdotsthreevertical class="icon" aria-hidden="true" size="24" weight="duotone"></phdotsthreevertical><span class="text visually-hidden">More</span>
          </button>
          <transition-stub name="fade" appear="false" persisted="false" css="true">
            <!--v-if-->
          </transition-stub>
        </div>
      </div>
      <div class="trackAlbum"><a class="clamp">album</a></div>
      <div class="trackArtist">
        <ul class="commaList clamp">
          <li data-test-id="artist-list-item"><a>name</a></li>
          <li data-test-id="artist-list-item"><a>name1</a></li>
        </ul>
      </div><time class="trackTime">00:19</time>
    </li>
  </ol>
</div>"
`;
