// Vitest Snapshot v1, https://vitest.dev/guide/snapshot.html

exports[`MusicPlayer > matches the snapshot 1`] = `
"<div class="musicPlayer">
  <div class="sliderWrapper seeker seeker" aria-label="Seek" aria-valuetext="00:05 of 00:10">
    <div class="slider">
      <div class="progressWrapper">
        <div class="process" style="width: 0px;"></div>
        <div class="buffer" style="width: 0px;"></div>
      </div>
      <div class="thumb" style="left: -6px;"></div>
      <div class="tooltip" style="left: 0px;">00:05</div>
    </div>
  </div>
  <div class="inner">
    <div class="trackDetails mediaPlayer">
      <div class="imageWrapper">
        <div class="preloadImage">
          <div><span class="placeholder"></span><span><span class="loader"></span><span class="visually-hidden">Loading image</span></span></div><img src="coverArt" alt="Image" style="display: none;">
        </div>
        <!--v-if-->
      </div>
      <div class="trackMeta">
        <p><a>album</a></p>
        <p class="strong">title</p>
        <div class="secondaryMeta">
          <ul class="meta list">
            <li class="listItem" data-test-id="artist-list-item"><a>name</a></li>
            <li class="listItem" data-test-id="artist-list-item"><a>name1</a></li>
          </ul>
          <p class="duration">00:19</p>
        </div>
      </div>
    </div>
    <div class="mobile">
      <div class="playPauseButton"><span><span class="loader"></span><span class="visually-hidden">Loading data</span></span></div>
    </div>
    <div class="playerControls"><button class="iconButton" type="button" title="Switch shuffle off">
        <phshuffle class="icon" aria-hidden="true" size="24" weight="duotone" color="currentColor"></phshuffle><span class="text visually-hidden">Switch shuffle off</span>
      </button><button class="iconButton disabled" disabled="" type="button" title="Previous track">
        <phskipback class="icon" aria-hidden="true" size="24" weight="duotone"></phskipback><span class="text visually-hidden"> Previous track </span>
      </button>
      <!--v-if-->
      <div class="playPauseButton"><span><span class="loader"></span><span class="visually-hidden">Loading data</span></span></div>
      <!--v-if--><button class="iconButton disabled" disabled="" type="button" title="Next track">
        <phskipforward class="icon" aria-hidden="true" size="24" weight="duotone"></phskipforward><span class="text visually-hidden"> Next track </span>
      </button><button class="iconButton" type="button" title="Turn on repeat all.">
        <phrepeat class="icon" aria-hidden="true" size="24" weight="duotone" color="currentColor"></phrepeat><span class="text visually-hidden">Turn on repeat all.</span>
      </button>
    </div>
    <div class="playerOptions">
      <p class="time">00:05 / 00:10</p>
      <div class="volumeControl"><button class="iconButton" type="button" title="Mute">
          <phspeakerhigh class="icon" aria-hidden="true" size="24" weight="duotone"></phspeakerhigh><span class="text visually-hidden">Mute</span>
        </button>
        <div>
          <div class="sliderWrapper volumeInput volumeInput" aria-label="Volume" aria-valuetext="1 of 1">
            <div class="slider">
              <div class="progressWrapper">
                <div class="process" style="width: 0px;"></div>
                <!--v-if-->
              </div>
              <!--v-if-->
              <!--v-if-->
            </div>
          </div>
          <p class="visually-hidden"> Volume at 100% </p>
        </div>
      </div>
      <!--v-if-->
      <!--v-if-->
      <!--v-if--><button class="iconButton" type="button" title="Queue">
        <phqueue class="icon" aria-hidden="true" size="24" weight="duotone"></phqueue><span class="text visually-hidden"> Queue </span>
      </button>
      <teleport-stub to="#teleports">
        <transition-stub name="slide-up-down" appear="false" persisted="false" css="true">
          <!--v-if-->
        </transition-stub>
      </teleport-stub>
    </div>
  </div>
</div>"
`;
