// Vitest Snapshot v1, https://vitest.dev/guide/snapshot.html

exports[`SearchForm > matches the snapshot 1`] = `
"<form novalidate="">
  <div class="centerItems">
    <div class="column inputField inputField"><label class="mBXS sentenceCase smallFont label visuallyHidden" for="query">query <span class="required">*</span></label><input id="query" type="text" autocomplete="off" required="" placeholder="Enter query" class="input" value="">
      <!--v-if-->
    </div><button class="centerItems buttonLink buttonLink buttonLink" type="submit">
      <phmagnifyingglass class="icon" aria-hidden="true" size="24" weight="regular"></phmagnifyingglass><span class="clamp text visuallyHidden"> Login </span>
    </button>
  </div>
</form>"
`;

exports[`SearchForm > when form is valid > matches the snapshot 1`] = `
"<form novalidate="">
  <div class="centerItems">
    <div class="column inputField inputField"><label class="mBXS sentenceCase smallFont label visuallyHidden" for="query">query <span class="required">*</span></label><input id="query" type="text" autocomplete="off" required="" placeholder="Enter query" class="input" value="">
      <!--v-if-->
    </div><button class="centerItems buttonLink buttonLink buttonLink" type="submit">
      <phmagnifyingglass class="icon" aria-hidden="true" size="24" weight="regular"></phmagnifyingglass><span class="clamp text visuallyHidden"> Login </span>
    </button>
  </div>
</form>"
`;
