// Vitest Snapshot v1, https://vitest.dev/guide/snapshot.html

exports[`NoMediaMessage > matches the snapshot 1`] = `
"<div class="column centerAll noMediaMessage">
  <phpluscircle size="50"></phpluscircle>
  <p>Message</p>
</div>"
`;
