// Vitest Snapshot v1, https://vitest.dev/guide/snapshot.html

exports[`PageNavigation > matches the snapshot 1`] = `
"<nav class="pageNavigation">
  <ul class="navigation">
    <li data-test-id="item"><a exactactiveclass="current" class="link">title</a></li>
    <li data-test-id="item"><a exactactiveclass="current" class="link">title1</a></li>
  </ul>
</nav>"
`;
