// Vitest Snapshot v1, https://vitest.dev/guide/snapshot.html

exports[`ImageLink > matches the snapshot 1`] = `
"<figure><a title="title">
    <div class="centerAll preloadImage"><span class="imageLoader"><span class="visuallyHidden">Loading image</span></span><img alt="title" class="image" src="image" style="display: none;"></div>
  </a></figure>"
`;
